[INFO] Scanning for projects...
[INFO] 
[INFO] -----------------------< fr.louis:PracticeCore >------------------------
[INFO] Building PracticeCore 1.0.0
[INFO]   from pom.xml
[INFO] --------------------------------[ jar ]---------------------------------
[INFO] 
[INFO] --- resources:3.3.1:resources (default-resources) @ PracticeCore ---
[INFO] Copying 4 resources from src\main\resources to target\classes
[INFO] 
[INFO] --- compiler:3.14.1:compile (default-compile) @ PracticeCore ---
[INFO] Nothing to compile - all classes are up to date.
[INFO] ------------------------------------------------------------------------
[INFO] BUILD SUCCESS
[INFO] ------------------------------------------------------------------------
[INFO] Total time:  0.761 s
[INFO] Finished at: 2025-12-02T11:06:19+01:00
[INFO] ------------------------------------------------------------------------
